# Native PCSL chunk implementation

## prompt/上下文摘要
User requests independent implementation of RFC25MB physical values, all existing and supplied Expecto tests merged/ALL PASSED, truthful WBS, TEST_Feedback for harness changes. Native nested repository owner MdcQuoteAgent. No agents/COMM, package publication, service/SQL/MDC operations are part of this task.

## 背景
10.1.401 stores one compressed logical value in one physical file; RFC large entropy values exceed decimal25MB.
## 目標
Transparent native chunking for both compiled classes, bounded/integrity-checked storage, atomic visibility and recoverable deletion, retained legacy reads/hooks/queue semantics.
## 計畫步驟
Baseline build/test -> bounded physical core -> both classes -> original queue10/RFC13 plus exact/fault/cancel/race safety suite -> canonical all tests -> docs/WBS/check/encoding -> scoped commit/push. Explicit current list in op_log.
## 執行命令/參數
Release builds disable GeneratePackageOnBuild/PublishNuGetAfterPack with isolated output/obj. Canonical final entry: misc/verify.nativeQueue.ps1 -Execute. Each verification root records raw stdout/stderr, inventory, native SHA and source stability. Exact intermediate commands/results retained in external scratch and linked op_log.
## 結果
Baseline23=17PASS/6sizeFAIL; first current23=17PASS/6disk-fullERROR; merged45=45PASS, expanded63=63PASS. First canonical78=78PASS/0ignored/fail/error, source stability/hash PASS. Latest additional rollback/Add/Update/orphan crash gates in progress; final counts to append.
## 根因判讀
Legacy serializes whole compressed bytes. New immutable bounded generations and anchor/index publication fix physical size and precommit memory ordering. Read lease covers buffer publish. G disk-full was fixture-resource failure, not product acceptance; own GUID roots relocated after owner/path/relative SHA verification. Invalid metadata remains typed corruption, not absence. Rollback I/O preserves both causes and unpublished recovery data.
## 下一步
Finish latest ALL tests, update C25-02/03/04 actual gates, native checksum/UTF8/check; keep C25-05 formal package/consumer/Host rollout separately unstarted.
## 關聯文件/工單/PR
doc/RFC/20261006.25MB.Chunk/RFC-PCSL-0025.25MBChunk.md; SA.md; SD.md; WBS.md; TEST.fsx; TEST_Feedback.md; Verification.md; log/20261006/20261006053629.chunk_impl.op_log.
## Operations
- 05:36 source/contract/clean nested Git baseline restored, target build then genuine RED merged23 recorded.
- Physical chunk core/both classes built; original 99FS0025/FS0064 warnings retained, test harness0errors. Output path and F# module conditional errors fixed; no assertion lowered.
- First chunk size runs hit G resource limit. Only two terminal owned synthetic GUID roots moved to C with per-file length/hash proof, failed evidence retained. New dedicated TEMP root permits full entropy without changing payloads.
- merged45 PASS55.493s, merged63 PASS87.896s, first canonical78 PASS87.344s with exact inventory/source hash and zero skips. Final extra semantic/rollback/orphan gates executing; actual results append here/op_log.

- 2026-10-06T06:26:17.4759620+08:00 final canonical full ALL PASSED:84/84; queue10/RFC13/storage22/recovery20/safety19; no ignored/error/fail; sourceStable=true; native SHA=DE1E1F92CAD15DE2B649B6E22535947C49206382BC1E74D530ECEB4CD040BDC8; producer9.409s/test-build7.817s/test-run93.940s. C25-02/03/04 ready to close source/test only; package/Host C25-05 unstarted. canonical sensitive scanner not exposed by harness; no substitute verifier or false scan PASS. NEXT standalone compatibility build, checker/strict encoding/scope commit/push.

## 假設
Single writer per root remains the accepted ownership; child fixtures are synthetic dedicated TEMP resources.
## 風險
Formal package/consumer deployment and hardware power-loss proof remain outside native source acceptance; canonical sensitive scanner unavailable.
- 2026-10-06T06:28:47.8559965+08:00 strict encoding found4 inherited UTF8 BOMs in modified legacy source/project; removed BOM only, semantic source unchanged; final canonical rerun required exact final-source hashes. Prior git -c core.autocrlf=false diff-check created CRLF wholefile artifacts, canonical Git config check used instead. Canonical checker27PASS/4WARN/0FAIL; WARN current log missing assumptions/risks corrected by append, remaining original branch/dirty/RFC traceability preserved. NEXT final all tests + source closure commits.
- 2026-10-06T06:31:35.9892172+08:00 post-BOM final source84/84PASS0skip/error/fail sourceStable; nativeE98E4E05272AEC23EAB470CD0BD810FF925D41FEA3FA58547DD8B9A88F717C1E. Shell wrapper exit1 was inherited rg no-match LASTEXITCODE; canonical PS success branch had no explicit exit0. Fixed PLAN/success to exit0 rather than resetting caller state; pending re-run seeds actual native exit73 and uses same verified source Release DLL (no F# source changes) via canonical CandidateAssembly. Earlier PASS/ambient-exit evidence retained separately.
- 2026-10-06T06:35:04.0354962+08:00 shell exit regression84/84PASS exit0 after native exit73 seed; sameE98 DLL/sourceStable true. Outer repository tracks baseline native401 CSL2/PB/QuickStart changes already committed by native owner8fa82f6; integrate actual full native tracked source/docs/test closure (outer unrelated prod/human WIP excluded). Three inherited baseline source BOMs normalized with original text body preserved to meet outer scoped UTF8 gate; final producer+ALL suite re-run required; no dependency/package/Host changes.
## Plan Correction
假設：既有single writer per root；baseline native closure屬已committed owner source，僅BOM移除，body不變。
風險：正式package/consumer/Host未部署；power-loss与canonical sensitive scanner未驗。
- 2026-10-06T06:38:09.0797015+08:00 FINAL fresh producer/compiled merged suite84/84PASS/0ignored/fail/error; SourceStable=true; NativeSHA=9998568A0A372FD0A3984885D30E005BD87261E296DFC6E97D24635030F032B3; testSeconds=97.9; canonical shell exit0 despite previous native exit73; full source closure/BOM policy complete. Final receipts .final.* preserve earlierrawPASS/FAIL/ambient-exit sources. NEXT canonical docs checker final, exact scoped native/root commit/push; no remaining native implementation/tests, C25-05 unstarted and scanner unavailable disclosed.
- 2026-10-06T06:38:56.7153969+08:00 CLOSEOUT canonical checker35PASS9WARN0FAIL; warnings original branch/RFC exclusion and unchanged watch/dirty precommit. Scoped UTF8/BOM/NUL/U+FFFD and Git whitespace checks follow. Actual sensitive scanner unavailable remains unverified; no alternate scan claim. Native/root closure source safe to stage after exact scope/size checks.
